// Jest Snapshot v1, https://goo.gl/fbAQLP

exports[`Field render Render Field without props 1`] = `
<div
  style={
    Object {
      "display": "table",
    }
  }
>
  <div
    key="0"
    style={
      Object {
        "display": "table-row",
      }
    }
  >
    <Cell
      dataKey={0}
      handleClick={[Function]}
      key="0"
    >
      0
    </Cell>
    <Cell
      dataKey={1}
      handleClick={[Function]}
      key="1"
    >
      1
    </Cell>
    <Cell
      dataKey={2}
      handleClick={[Function]}
      key="2"
    >
      2
    </Cell>
    <Cell
      dataKey={3}
      handleClick={[Function]}
      key="3"
    >
      3
    </Cell>
    <Cell
      dataKey={4}
      handleClick={[Function]}
      key="4"
    >
      4
    </Cell>
    <Cell
      dataKey={5}
      handleClick={[Function]}
      key="5"
    >
      5
    </Cell>
    <Cell
      dataKey={6}
      handleClick={[Function]}
      key="6"
    >
      6
    </Cell>
    <Cell
      dataKey={7}
      handleClick={[Function]}
      key="7"
    >
      7
    </Cell>
    <Cell
      dataKey={8}
      handleClick={[Function]}
      key="8"
    >
      8
    </Cell>
    <Cell
      dataKey={9}
      handleClick={[Function]}
      key="9"
    >
      9
    </Cell>
  </div>
  <div
    key="1"
    style={
      Object {
        "display": "table-row",
      }
    }
  >
    <Cell
      dataKey={10}
      handleClick={[Function]}
      key="10"
    >
      10
    </Cell>
    <Cell
      dataKey={11}
      handleClick={[Function]}
      key="11"
    >
      11
    </Cell>
    <Cell
      dataKey={12}
      handleClick={[Function]}
      key="12"
    >
      12
    </Cell>
    <Cell
      dataKey={13}
      handleClick={[Function]}
      key="13"
    >
      13
    </Cell>
    <Cell
      dataKey={14}
      handleClick={[Function]}
      key="14"
    >
      14
    </Cell>
    <Cell
      dataKey={15}
      handleClick={[Function]}
      key="15"
    >
      15
    </Cell>
    <Cell
      dataKey={16}
      handleClick={[Function]}
      key="16"
    >
      16
    </Cell>
    <Cell
      dataKey={17}
      handleClick={[Function]}
      key="17"
    >
      17
    </Cell>
    <Cell
      dataKey={18}
      handleClick={[Function]}
      key="18"
    >
      18
    </Cell>
    <Cell
      dataKey={19}
      handleClick={[Function]}
      key="19"
    >
      19
    </Cell>
  </div>
  <div
    key="2"
    style={
      Object {
        "display": "table-row",
      }
    }
  >
    <Cell
      dataKey={20}
      handleClick={[Function]}
      key="20"
    >
      20
    </Cell>
    <Cell
      dataKey={21}
      handleClick={[Function]}
      key="21"
    >
      21
    </Cell>
    <Cell
      dataKey={22}
      handleClick={[Function]}
      key="22"
    >
      22
    </Cell>
    <Cell
      dataKey={23}
      handleClick={[Function]}
      key="23"
    >
      23
    </Cell>
    <Cell
      dataKey={24}
      handleClick={[Function]}
      key="24"
    >
      24
    </Cell>
    <Cell
      dataKey={25}
      handleClick={[Function]}
      key="25"
    >
      25
    </Cell>
    <Cell
      dataKey={26}
      handleClick={[Function]}
      key="26"
    >
      26
    </Cell>
    <Cell
      dataKey={27}
      handleClick={[Function]}
      key="27"
    >
      27
    </Cell>
    <Cell
      dataKey={28}
      handleClick={[Function]}
      key="28"
    >
      28
    </Cell>
    <Cell
      dataKey={29}
      handleClick={[Function]}
      key="29"
    >
      29
    </Cell>
  </div>
  <div
    key="3"
    style={
      Object {
        "display": "table-row",
      }
    }
  >
    <Cell
      dataKey={30}
      handleClick={[Function]}
      key="30"
    >
      30
    </Cell>
    <Cell
      dataKey={31}
      handleClick={[Function]}
      key="31"
    >
      31
    </Cell>
    <Cell
      dataKey={32}
      handleClick={[Function]}
      key="32"
    >
      32
    </Cell>
    <Cell
      dataKey={33}
      handleClick={[Function]}
      key="33"
    >
      33
    </Cell>
    <Cell
      dataKey={34}
      handleClick={[Function]}
      key="34"
    >
      34
    </Cell>
    <Cell
      dataKey={35}
      handleClick={[Function]}
      key="35"
    >
      35
    </Cell>
    <Cell
      dataKey={36}
      handleClick={[Function]}
      key="36"
    >
      36
    </Cell>
    <Cell
      dataKey={37}
      handleClick={[Function]}
      key="37"
    >
      37
    </Cell>
    <Cell
      dataKey={38}
      handleClick={[Function]}
      key="38"
    >
      38
    </Cell>
    <Cell
      dataKey={39}
      handleClick={[Function]}
      key="39"
    >
      39
    </Cell>
  </div>
  <div
    key="4"
    style={
      Object {
        "display": "table-row",
      }
    }
  >
    <Cell
      dataKey={40}
      handleClick={[Function]}
      key="40"
    >
      40
    </Cell>
    <Cell
      dataKey={41}
      handleClick={[Function]}
      key="41"
    >
      41
    </Cell>
    <Cell
      dataKey={42}
      handleClick={[Function]}
      key="42"
    >
      42
    </Cell>
    <Cell
      dataKey={43}
      handleClick={[Function]}
      key="43"
    >
      43
    </Cell>
    <Cell
      dataKey={44}
      handleClick={[Function]}
      key="44"
    >
      44
    </Cell>
    <Cell
      dataKey={45}
      handleClick={[Function]}
      key="45"
    >
      45
    </Cell>
    <Cell
      dataKey={46}
      handleClick={[Function]}
      key="46"
    >
      46
    </Cell>
    <Cell
      dataKey={47}
      handleClick={[Function]}
      key="47"
    >
      47
    </Cell>
    <Cell
      dataKey={48}
      handleClick={[Function]}
      key="48"
    >
      48
    </Cell>
    <Cell
      dataKey={49}
      handleClick={[Function]}
      key="49"
    >
      49
    </Cell>
  </div>
  <div
    key="5"
    style={
      Object {
        "display": "table-row",
      }
    }
  >
    <Cell
      dataKey={50}
      handleClick={[Function]}
      key="50"
    >
      50
    </Cell>
    <Cell
      dataKey={51}
      handleClick={[Function]}
      key="51"
    >
      51
    </Cell>
    <Cell
      dataKey={52}
      handleClick={[Function]}
      key="52"
    >
      52
    </Cell>
    <Cell
      dataKey={53}
      handleClick={[Function]}
      key="53"
    >
      53
    </Cell>
    <Cell
      dataKey={54}
      handleClick={[Function]}
      key="54"
    >
      54
    </Cell>
    <Cell
      dataKey={55}
      handleClick={[Function]}
      key="55"
    >
      55
    </Cell>
    <Cell
      dataKey={56}
      handleClick={[Function]}
      key="56"
    >
      56
    </Cell>
    <Cell
      dataKey={57}
      handleClick={[Function]}
      key="57"
    >
      57
    </Cell>
    <Cell
      dataKey={58}
      handleClick={[Function]}
      key="58"
    >
      58
    </Cell>
    <Cell
      dataKey={59}
      handleClick={[Function]}
      key="59"
    >
      59
    </Cell>
  </div>
  <div
    key="6"
    style={
      Object {
        "display": "table-row",
      }
    }
  >
    <Cell
      dataKey={60}
      handleClick={[Function]}
      key="60"
    >
      60
    </Cell>
    <Cell
      dataKey={61}
      handleClick={[Function]}
      key="61"
    >
      61
    </Cell>
    <Cell
      dataKey={62}
      handleClick={[Function]}
      key="62"
    >
      62
    </Cell>
    <Cell
      dataKey={63}
      handleClick={[Function]}
      key="63"
    >
      63
    </Cell>
    <Cell
      dataKey={64}
      handleClick={[Function]}
      key="64"
    >
      64
    </Cell>
    <Cell
      dataKey={65}
      handleClick={[Function]}
      key="65"
    >
      65
    </Cell>
    <Cell
      dataKey={66}
      handleClick={[Function]}
      key="66"
    >
      66
    </Cell>
    <Cell
      dataKey={67}
      handleClick={[Function]}
      key="67"
    >
      67
    </Cell>
    <Cell
      dataKey={68}
      handleClick={[Function]}
      key="68"
    >
      68
    </Cell>
    <Cell
      dataKey={69}
      handleClick={[Function]}
      key="69"
    >
      69
    </Cell>
  </div>
  <div
    key="7"
    style={
      Object {
        "display": "table-row",
      }
    }
  >
    <Cell
      dataKey={70}
      handleClick={[Function]}
      key="70"
    >
      70
    </Cell>
    <Cell
      dataKey={71}
      handleClick={[Function]}
      key="71"
    >
      71
    </Cell>
    <Cell
      dataKey={72}
      handleClick={[Function]}
      key="72"
    >
      72
    </Cell>
    <Cell
      dataKey={73}
      handleClick={[Function]}
      key="73"
    >
      73
    </Cell>
    <Cell
      dataKey={74}
      handleClick={[Function]}
      key="74"
    >
      74
    </Cell>
    <Cell
      dataKey={75}
      handleClick={[Function]}
      key="75"
    >
      75
    </Cell>
    <Cell
      dataKey={76}
      handleClick={[Function]}
      key="76"
    >
      76
    </Cell>
    <Cell
      dataKey={77}
      handleClick={[Function]}
      key="77"
    >
      77
    </Cell>
    <Cell
      dataKey={78}
      handleClick={[Function]}
      key="78"
    >
      78
    </Cell>
    <Cell
      dataKey={79}
      handleClick={[Function]}
      key="79"
    >
      79
    </Cell>
  </div>
  <div
    key="8"
    style={
      Object {
        "display": "table-row",
      }
    }
  >
    <Cell
      dataKey={80}
      handleClick={[Function]}
      key="80"
    >
      80
    </Cell>
    <Cell
      dataKey={81}
      handleClick={[Function]}
      key="81"
    >
      81
    </Cell>
    <Cell
      dataKey={82}
      handleClick={[Function]}
      key="82"
    >
      82
    </Cell>
    <Cell
      dataKey={83}
      handleClick={[Function]}
      key="83"
    >
      83
    </Cell>
    <Cell
      dataKey={84}
      handleClick={[Function]}
      key="84"
    >
      84
    </Cell>
    <Cell
      dataKey={85}
      handleClick={[Function]}
      key="85"
    >
      85
    </Cell>
    <Cell
      dataKey={86}
      handleClick={[Function]}
      key="86"
    >
      86
    </Cell>
    <Cell
      dataKey={87}
      handleClick={[Function]}
      key="87"
    >
      87
    </Cell>
    <Cell
      dataKey={88}
      handleClick={[Function]}
      key="88"
    >
      88
    </Cell>
    <Cell
      dataKey={89}
      handleClick={[Function]}
      key="89"
    >
      89
    </Cell>
  </div>
  <div
    key="9"
    style={
      Object {
        "display": "table-row",
      }
    }
  >
    <Cell
      dataKey={90}
      handleClick={[Function]}
      key="90"
    >
      90
    </Cell>
    <Cell
      dataKey={91}
      handleClick={[Function]}
      key="91"
    >
      91
    </Cell>
    <Cell
      dataKey={92}
      handleClick={[Function]}
      key="92"
    >
      92
    </Cell>
    <Cell
      dataKey={93}
      handleClick={[Function]}
      key="93"
    >
      93
    </Cell>
    <Cell
      dataKey={94}
      handleClick={[Function]}
      key="94"
    >
      94
    </Cell>
    <Cell
      dataKey={95}
      handleClick={[Function]}
      key="95"
    >
      95
    </Cell>
    <Cell
      dataKey={96}
      handleClick={[Function]}
      key="96"
    >
      96
    </Cell>
    <Cell
      dataKey={97}
      handleClick={[Function]}
      key="97"
    >
      97
    </Cell>
    <Cell
      dataKey={98}
      handleClick={[Function]}
      key="98"
    >
      98
    </Cell>
    <Cell
      dataKey={99}
      handleClick={[Function]}
      key="99"
    >
      99
    </Cell>
  </div>
</div>
`;
